<?xml version="1.0" encoding="utf-8"?><testsuites name="pytest tests"><testsuite name="pytest" errors="0" failures="0" skipped="0" tests="0" time="10.392" timestamp="2025-08-12T00:22:24.677621+03:00" hostname="Furkan" /></testsuites>
